 myMetropolisHasting_mex

 Timestamp is 54c02392 (Wed Jan 21 15:09:22 2015)

 Preferred load address is 0000000180000000

 Start         Length     Name                   Class
 0001:00000000 00005b22H .text                   CODE
 0001:00005b30 00000092H .text$x                 CODE
 0002:00000000 00000300H .idata$5                DATA
 0002:00000300 00000008H .CRT$XCA                DATA
 0002:00000308 00000008H .CRT$XCZ                DATA
 0002:00000310 00000008H .CRT$XIA                DATA
 0002:00000318 00000008H .CRT$XIAA               DATA
 0002:00000320 00000008H .CRT$XIZ                DATA
 0002:00000330 00001898H .rdata                  DATA
 0002:00001bc8 00000008H .rtc$IAA                DATA
 0002:00001bd0 00000008H .rtc$IZZ                DATA
 0002:00001bd8 00000008H .rtc$TAA                DATA
 0002:00001be0 00000008H .rtc$TZZ                DATA
 0002:00001be8 000002e0H .xdata                  DATA
 0002:00001ec8 0000008cH .idata$2                DATA
 0002:00001f54 00000014H .idata$3                DATA
 0002:00001f68 00000300H .idata$4                DATA
 0002:00002268 00000808H .idata$6                DATA
 0002:00002a70 000000ecH .edata                  DATA
 0003:00000000 000007f8H .data                   DATA
 0003:00000800 000005c0H .bss                    DATA
 0004:00000000 00000240H .pdata                  DATA

  Address         Publics by Value              Rva+Base               Lib:Object

 0000:00000000       ___safe_se_handler_count   0000000000000000     <absolute>
 0000:00000000       ___safe_se_handler_table   0000000000000000     <absolute>
 0000:00000000       __ImageBase                0000000180000000     <linker-defined>
 0001:00000000       emlrt_marshallOut          0000000180001000 f   myMetropolisHasting_mexutil.obj
 0001:00000030       myMetropolisHasting_initialize 0000000180001030 f   myMetropolisHasting_initialize.obj
 0001:00000090       myMetropolisHasting_atexit 0000000180001090 f   myMetropolisHasting_terminate.obj
 0001:000000e0       myMetropolisHasting_terminate 00000001800010e0 f   myMetropolisHasting_terminate.obj
 0001:00000100       eml_error                  0000000180001100 f   myMetropolisHasting.obj
 0001:00000170       myMetropolisHasting        0000000180001170 f   myMetropolisHasting.obj
 0001:00001a30       logpdf                     0000000180002a30 f   logpdf.obj
 0001:000041c0       emlrtMexFcnResolvedFunctionsInfo 00000001800051c0 f   myMetropolisHasting_api.obj
 0001:000048c0       myMetropolisHasting_api    00000001800058c0 f   myMetropolisHasting_api.obj
 0001:00004af0       emxEnsureCapacity          0000000180005af0 f   myMetropolisHasting_emxutil.obj
 0001:00004c00       emxFree_int32_T            0000000180005c00 f   myMetropolisHasting_emxutil.obj
 0001:00004c00       emxFree_real_T             0000000180005c00 f   myMetropolisHasting_emxutil.obj
 0001:00004c40       emxInit_real_T             0000000180005c40 f   myMetropolisHasting_emxutil.obj
 0001:00004c40       emxInit_int32_T            0000000180005c40 f   myMetropolisHasting_emxutil.obj
 0001:00004c40       b_emxInit_real_T           0000000180005c40 f   myMetropolisHasting_emxutil.obj
 0001:00004e40       myMetropolisHasting_atexit_wrapper 0000000180005e40 f   myMetropolisHasting_mex.obj
 0001:00004e50       mexFunction                0000000180005e50 f   myMetropolisHasting_mex.obj
 0001:00004ea0       emlrtMexFcnProperties      0000000180005ea0 f   myMetropolisHasting_mex.obj
 0001:00004ffc       mxCreateDoubleScalar       0000000180005ffc f   libmx:libmx.dll
 0001:00005002       mxCreateCharArray_700      0000000180006002 f   libmx:libmx.dll
 0001:00005008       mxSetDimensions_700        0000000180006008 f   libmx:libmx.dll
 0001:0000500e       mxSetData                  000000018000600e f   libmx:libmx.dll
 0001:00005014       mxCreateNumericArray_700   0000000180006014 f   libmx:libmx.dll
 0001:0000501a       mxGetData                  000000018000601a f   libmx:libmx.dll
 0001:00005020       mxCreateNumericMatrix_700  0000000180006020 f   libmx:libmx.dll
 0001:00005026       mxCreateString             0000000180006026 f   libmx:libmx.dll
 0001:0000502c       mxCreateStructArray_700    000000018000602c f   libmx:libmx.dll
 0001:00005032       mxSetFieldByNumber_700     0000000180006032 f   libmx:libmx.dll
 0001:00005038       mxCreateLogicalMatrix_700  0000000180006038 f   libmx:libmx.dll
 0001:0000503e       mxCreateStructMatrix_700   000000018000603e f   libmx:libmx.dll
 0001:00005044       mexAtExit                  0000000180006044 f   libmex:libmex.dll
 0001:0000504a       emlrtAssign                000000018000604a f   libemlrt:libemlrt.dll
 0001:00005050       emlrtFirstTimeR2012b       0000000180006050 f   libemlrt:libemlrt.dll
 0001:00005056       emlrtEnterRtStackR2012b    0000000180006056 f   libemlrt:libemlrt.dll
 0001:0000505c       emlrtClearAllocCountR2012b 000000018000605c f   libemlrt:libemlrt.dll
 0001:00005062       emlrtCreateRootTLS         0000000180006062 f   libemlrt:libemlrt.dll
 0001:00005068       emlrtGetBreakCheckFlagAddressR2012b 0000000180006068 f   libemlrt:libemlrt.dll
 0001:0000506e       emlrtDestroyRootTLS        000000018000606e f   libemlrt:libemlrt.dll
 0001:00005074       emlrtLeaveRtStackR2012b    0000000180006074 f   libemlrt:libemlrt.dll
 0001:0000507a       emlrtCallMATLABR2012b      000000018000607a f   libemlrt:libemlrt.dll
 0001:00005080       emlrtDestroyArray          0000000180006080 f   libemlrt:libemlrt.dll
 0001:00005086       emlrtImportArrayR2011b     0000000180006086 f   libemlrt:libemlrt.dll
 0001:0000508c       emlrtCheckVsBuiltInR2012b  000000018000608c f   libemlrt:libemlrt.dll
 0001:00005092       emlrtPopRtStackR2012b      0000000180006092 f   libemlrt:libemlrt.dll
 0001:00005098       emlrtErrorWithMessageIdR2012b 0000000180006098 f   libemlrt:libemlrt.dll
 0001:0000509e       emlrtPushRtStackR2012b     000000018000609e f   libemlrt:libemlrt.dll
 0001:000050a4       emlrtAlias                 00000001800060a4 f   libemlrt:libemlrt.dll
 0001:000050aa       emlrtHeapReferenceStackLeaveFcnR2012b 00000001800060aa f   libemlrt:libemlrt.dll
 0001:000050b0       emlrtBreakCheckR2012b      00000001800060b0 f   libemlrt:libemlrt.dll
 0001:000050b6       emlrtSubAssignSizeCheckR2012b 00000001800060b6 f   libemlrt:libemlrt.dll
 0001:000050bc       emlrtDynamicBoundsCheckR2012b 00000001800060bc f   libemlrt:libemlrt.dll
 0001:000050c2       emlrtSizeEqCheckNDR2012b   00000001800060c2 f   libemlrt:libemlrt.dll
 0001:000050c8       emlrtForLoopVectorCheckR2012b 00000001800060c8 f   libemlrt:libemlrt.dll
 0001:000050ce       emlrtIntegerCheckR2012b    00000001800060ce f   libemlrt:libemlrt.dll
 0001:000050d4       emlrtNonNegativeCheckR2012b 00000001800060d4 f   libemlrt:libemlrt.dll
 0001:000050da       emlrtHeapReferenceStackEnterFcnR2012b 00000001800060da f   libemlrt:libemlrt.dll
 0001:000050e0       emlrtInitCharArrayR2013a   00000001800060e0 f   libemlrt:libemlrt.dll
 0001:000050e6       emlrtCheckBuiltInR2012b    00000001800060e6 f   libemlrt:libemlrt.dll
 0001:000050ec       emlrtNameCapturePostProcessR2012a 00000001800060ec f   libemlrt:libemlrt.dll
 0001:000050f2       emlrtAddField              00000001800060f2 f   libemlrt:libemlrt.dll
 0001:000050f8       emlrtAliasP                00000001800060f8 f   libemlrt:libemlrt.dll
 0001:000050fe       emlrtFreeMex               00000001800060fe f   libemlrt:libemlrt.dll
 0001:00005104       emlrtHeapAllocationErrorR2012b 0000000180006104 f   libemlrt:libemlrt.dll
 0001:0000510a       emlrtCallocMex             000000018000610a f   libemlrt:libemlrt.dll
 0001:00005110       emlrtSizeMulR2012b         0000000180006110 f   libemlrt:libemlrt.dll
 0001:00005116       emlrtPushHeapReferenceStackR2012b 0000000180006116 f   libemlrt:libemlrt.dll
 0001:0000511c       emlrtMallocMex             000000018000611c f   libemlrt:libemlrt.dll
 0001:00005122       emlrtReturnArrayR2009a     0000000180006122 f   libemlrt:libemlrt.dll
 0001:00005128       emlrtErrMsgIdAndTxt        0000000180006128 f   libemlrt:libemlrt.dll
 0001:0000512e       ddot                       000000018000612e f   libmwblas:libmwblas.dll
 0001:00005134       dgemm                      0000000180006134 f   libmwblas:libmwblas.dll
 0001:0000513a       muDoubleScalarMin          000000018000613a f   libmwmathutil:libmwmathutil.dll
 0001:00005140       muDoubleScalarLog          0000000180006140 f   libmwmathutil:libmwmathutil.dll
 0001:00005146       muDoubleScalarExp          0000000180006146 f   libmwmathutil:libmwmathutil.dll
 0001:0000514c       memset                     000000018000614c f   MSVCRT:MSVCR100.dll
 0001:00005154       __GSHandlerCheckCommon     0000000180006154 f   MSVCRT:gshandler.obj
 0001:000051b8       __GSHandlerCheck           00000001800061b8 f   MSVCRT:gshandler.obj
 0001:000051f0       __security_check_cookie    00000001800061f0 f   MSVCRT:amdsecgs.obj
 0001:00005220       _alloca_probe              0000000180006220     MSVCRT:chkstk.obj
 0001:00005220       __chkstk                   0000000180006220 f   MSVCRT:chkstk.obj
 0001:0000526e       memcpy                     000000018000626e f   MSVCRT:MSVCR100.dll
 0001:000052d4       _CRT_INIT                  00000001800062d4 f   MSVCRT:crtdll.obj
 0001:0000566c       _DllMainCRTStartup         000000018000666c f   MSVCRT:crtdll.obj
 0001:000056ac       __report_gsfailure         00000001800066ac f   MSVCRT:gs_report.obj
 0001:000057f8       __clean_type_info_names    00000001800067f8 f   MSVCRT:tncleanup.obj
 0001:00005804       _onexit                    0000000180006804 f   MSVCRT:atonexit.obj
 0001:000058b4       atexit                     00000001800068b4 f   MSVCRT:atonexit.obj
 0001:000058cc       _RTC_Initialize            00000001800068cc f   MSVCRT:_initsect_.obj
 0001:00005904       _RTC_Terminate             0000000180006904 f   MSVCRT:_initsect_.obj
 0001:00005940       _ValidateImageBase         0000000180006940 f   MSVCRT:pesect.obj
 0001:00005970       _FindPESection             0000000180006970 f   MSVCRT:pesect.obj
 0001:000059c0       _IsNonwritableInCurrentImage 00000001800069c0 f   MSVCRT:pesect.obj
 0001:00005a02       _initterm                  0000000180006a02 f   MSVCRT:MSVCR100.dll
 0001:00005a08       _initterm_e                0000000180006a08 f   MSVCRT:MSVCR100.dll
 0001:00005a0e       _amsg_exit                 0000000180006a0e f   MSVCRT:MSVCR100.dll
 0001:00005a14       __C_specific_handler       0000000180006a14 f   MSVCRT:MSVCR100.dll
 0001:00005a1a       __CppXcptFilter            0000000180006a1a f   MSVCRT:MSVCR100.dll
 0001:00005a20       DllMain                    0000000180006a20 f   MSVCRT:dllmain.obj
 0001:00005a44       __security_init_cookie     0000000180006a44 f   MSVCRT:gs_support.obj
 0001:00005af8       __crt_debugger_hook        0000000180006af8 f   MSVCRT:MSVCR100.dll
 0001:00005afe       __clean_type_info_names_internal 0000000180006afe f   MSVCRT:MSVCR100.dll
 0001:00005b04       _unlock                    0000000180006b04 f   MSVCRT:MSVCR100.dll
 0001:00005b0a       __dllonexit                0000000180006b0a f   MSVCRT:MSVCR100.dll
 0001:00005b10       _lock                      0000000180006b10 f   MSVCRT:MSVCR100.dll
 0001:00005b16       RtlVirtualUnwind           0000000180006b16 f   kernel32:KERNEL32.dll
 0001:00005b1c       RtlLookupFunctionEntry     0000000180006b1c f   kernel32:KERNEL32.dll
 0002:00000000       __imp_GetSystemTimeAsFileTime 0000000180007000     kernel32:KERNEL32.dll
 0002:00000008       __imp_GetCurrentProcessId  0000000180007008     kernel32:KERNEL32.dll
 0002:00000010       __imp_GetCurrentThreadId   0000000180007010     kernel32:KERNEL32.dll
 0002:00000018       __imp_GetTickCount         0000000180007018     kernel32:KERNEL32.dll
 0002:00000020       __imp_QueryPerformanceCounter 0000000180007020     kernel32:KERNEL32.dll
 0002:00000028       __imp_DisableThreadLibraryCalls 0000000180007028     kernel32:KERNEL32.dll
 0002:00000030       __imp_RtlCaptureContext    0000000180007030     kernel32:KERNEL32.dll
 0002:00000038       __imp_RtlLookupFunctionEntry 0000000180007038     kernel32:KERNEL32.dll
 0002:00000040       __imp_RtlVirtualUnwind     0000000180007040     kernel32:KERNEL32.dll
 0002:00000048       __imp_IsDebuggerPresent    0000000180007048     kernel32:KERNEL32.dll
 0002:00000050       __imp_SetUnhandledExceptionFilter 0000000180007050     kernel32:KERNEL32.dll
 0002:00000058       __imp_UnhandledExceptionFilter 0000000180007058     kernel32:KERNEL32.dll
 0002:00000060       __imp_GetCurrentProcess    0000000180007060     kernel32:KERNEL32.dll
 0002:00000068       __imp_TerminateProcess     0000000180007068     kernel32:KERNEL32.dll
 0002:00000070       __imp_DecodePointer        0000000180007070     kernel32:KERNEL32.dll
 0002:00000078       __imp_EncodePointer        0000000180007078     kernel32:KERNEL32.dll
 0002:00000080       __imp_Sleep                0000000180007080     kernel32:KERNEL32.dll
 0002:00000088       \177KERNEL32_NULL_THUNK_DATA 0000000180007088     kernel32:KERNEL32.dll
 0002:00000090       __imp___C_specific_handler 0000000180007090     MSVCRT:MSVCR100.dll
 0002:00000098       __imp__amsg_exit           0000000180007098     MSVCRT:MSVCR100.dll
 0002:000000a0       __imp__encoded_null        00000001800070a0     MSVCRT:MSVCR100.dll
 0002:000000a8       __imp_free                 00000001800070a8     MSVCRT:MSVCR100.dll
 0002:000000b0       __imp__initterm_e          00000001800070b0     MSVCRT:MSVCR100.dll
 0002:000000b8       __imp__initterm            00000001800070b8     MSVCRT:MSVCR100.dll
 0002:000000c0       __imp__malloc_crt          00000001800070c0     MSVCRT:MSVCR100.dll
 0002:000000c8       __imp_memcpy               00000001800070c8     MSVCRT:MSVCR100.dll
 0002:000000d0       __imp_memset               00000001800070d0     MSVCRT:MSVCR100.dll
 0002:000000d8       __imp__unlock              00000001800070d8     MSVCRT:MSVCR100.dll
 0002:000000e0       __imp___dllonexit          00000001800070e0     MSVCRT:MSVCR100.dll
 0002:000000e8       __imp__lock                00000001800070e8     MSVCRT:MSVCR100.dll
 0002:000000f0       __imp__onexit              00000001800070f0     MSVCRT:MSVCR100.dll
 0002:000000f8       __imp___crt_debugger_hook  00000001800070f8     MSVCRT:MSVCR100.dll
 0002:00000100       __imp___CppXcptFilter      0000000180007100     MSVCRT:MSVCR100.dll
 0002:00000108       __imp___clean_type_info_names_internal 0000000180007108     MSVCRT:MSVCR100.dll
 0002:00000110       \177MSVCR100_NULL_THUNK_DATA 0000000180007110     MSVCRT:MSVCR100.dll
 0002:00000118       __imp_emlrtSizeEqCheckNDR2012b 0000000180007118     libemlrt:libemlrt.dll
 0002:00000120       __imp_emlrtForLoopVectorCheckR2012b 0000000180007120     libemlrt:libemlrt.dll
 0002:00000128       __imp_emlrtDynamicBoundsCheckR2012b 0000000180007128     libemlrt:libemlrt.dll
 0002:00000130       __imp_emlrtNonNegativeCheckR2012b 0000000180007130     libemlrt:libemlrt.dll
 0002:00000138       __imp_emlrtHeapReferenceStackEnterFcnR2012b 0000000180007138     libemlrt:libemlrt.dll
 0002:00000140       __imp_emlrtInitCharArrayR2013a 0000000180007140     libemlrt:libemlrt.dll
 0002:00000148       __imp_emlrtCheckBuiltInR2012b 0000000180007148     libemlrt:libemlrt.dll
 0002:00000150       __imp_emlrtNameCapturePostProcessR2012a 0000000180007150     libemlrt:libemlrt.dll
 0002:00000158       __imp_emlrtAddField        0000000180007158     libemlrt:libemlrt.dll
 0002:00000160       __imp_emlrtAliasP          0000000180007160     libemlrt:libemlrt.dll
 0002:00000168       __imp_emlrtFreeMex         0000000180007168     libemlrt:libemlrt.dll
 0002:00000170       __imp_emlrtHeapAllocationErrorR2012b 0000000180007170     libemlrt:libemlrt.dll
 0002:00000178       __imp_emlrtCallocMex       0000000180007178     libemlrt:libemlrt.dll
 0002:00000180       __imp_emlrtSizeMulR2012b   0000000180007180     libemlrt:libemlrt.dll
 0002:00000188       __imp_emlrtPushHeapReferenceStackR2012b 0000000180007188     libemlrt:libemlrt.dll
 0002:00000190       __imp_emlrtMallocMex       0000000180007190     libemlrt:libemlrt.dll
 0002:00000198       __imp_emlrtReturnArrayR2009a 0000000180007198     libemlrt:libemlrt.dll
 0002:000001a0       __imp_emlrtErrMsgIdAndTxt  00000001800071a0     libemlrt:libemlrt.dll
 0002:000001a8       __imp_emlrtSubAssignSizeCheckR2012b 00000001800071a8     libemlrt:libemlrt.dll
 0002:000001b0       __imp_emlrtBreakCheckR2012b 00000001800071b0     libemlrt:libemlrt.dll
 0002:000001b8       __imp_emlrtHeapReferenceStackLeaveFcnR2012b 00000001800071b8     libemlrt:libemlrt.dll
 0002:000001c0       __imp_emlrtAlias           00000001800071c0     libemlrt:libemlrt.dll
 0002:000001c8       __imp_emlrtPushRtStackR2012b 00000001800071c8     libemlrt:libemlrt.dll
 0002:000001d0       __imp_emlrtErrorWithMessageIdR2012b 00000001800071d0     libemlrt:libemlrt.dll
 0002:000001d8       __imp_emlrtPopRtStackR2012b 00000001800071d8     libemlrt:libemlrt.dll
 0002:000001e0       __imp_emlrtCheckVsBuiltInR2012b 00000001800071e0     libemlrt:libemlrt.dll
 0002:000001e8       __imp_emlrtImportArrayR2011b 00000001800071e8     libemlrt:libemlrt.dll
 0002:000001f0       __imp_emlrtDestroyArray    00000001800071f0     libemlrt:libemlrt.dll
 0002:000001f8       __imp_emlrtCallMATLABR2012b 00000001800071f8     libemlrt:libemlrt.dll
 0002:00000200       __imp_emlrtLeaveRtStackR2012b 0000000180007200     libemlrt:libemlrt.dll
 0002:00000208       __imp_emlrtDestroyRootTLS  0000000180007208     libemlrt:libemlrt.dll
 0002:00000210       __imp_emlrtGetBreakCheckFlagAddressR2012b 0000000180007210     libemlrt:libemlrt.dll
 0002:00000218       __imp_emlrtCreateRootTLS   0000000180007218     libemlrt:libemlrt.dll
 0002:00000220       __imp_emlrtClearAllocCountR2012b 0000000180007220     libemlrt:libemlrt.dll
 0002:00000228       __imp_emlrtEnterRtStackR2012b 0000000180007228     libemlrt:libemlrt.dll
 0002:00000230       __imp_emlrtFirstTimeR2012b 0000000180007230     libemlrt:libemlrt.dll
 0002:00000238       __imp_emlrtAssign          0000000180007238     libemlrt:libemlrt.dll
 0002:00000240       __imp_emlrtIntegerCheckR2012b 0000000180007240     libemlrt:libemlrt.dll
 0002:00000248       \177libemlrt_NULL_THUNK_DATA 0000000180007248     libemlrt:libemlrt.dll
 0002:00000250       __imp_mexAtExit            0000000180007250     libmex:libmex.dll
 0002:00000258       \177libmex_NULL_THUNK_DATA 0000000180007258     libmex:libmex.dll
 0002:00000260       __imp_ddot                 0000000180007260     libmwblas:libmwblas.dll
 0002:00000268       __imp_dgemm                0000000180007268     libmwblas:libmwblas.dll
 0002:00000270       \177libmwblas_NULL_THUNK_DATA 0000000180007270     libmwblas:libmwblas.dll
 0002:00000278       __imp_muDoubleScalarLog    0000000180007278     libmwmathutil:libmwmathutil.dll
 0002:00000280       __imp_muDoubleScalarExp    0000000180007280     libmwmathutil:libmwmathutil.dll
 0002:00000288       __imp_muDoubleScalarMin    0000000180007288     libmwmathutil:libmwmathutil.dll
 0002:00000290       \177libmwmathutil_NULL_THUNK_DATA 0000000180007290     libmwmathutil:libmwmathutil.dll
 0002:00000298       __imp_mxCreateStructMatrix_700 0000000180007298     libmx:libmx.dll
 0002:000002a0       __imp_mxCreateLogicalMatrix_700 00000001800072a0     libmx:libmx.dll
 0002:000002a8       __imp_mxSetFieldByNumber_700 00000001800072a8     libmx:libmx.dll
 0002:000002b0       __imp_mxCreateStructArray_700 00000001800072b0     libmx:libmx.dll
 0002:000002b8       __imp_mxCreateString       00000001800072b8     libmx:libmx.dll
 0002:000002c0       __imp_mxCreateNumericMatrix_700 00000001800072c0     libmx:libmx.dll
 0002:000002c8       __imp_mxGetData            00000001800072c8     libmx:libmx.dll
 0002:000002d0       __imp_mxCreateNumericArray_700 00000001800072d0     libmx:libmx.dll
 0002:000002d8       __imp_mxSetData            00000001800072d8     libmx:libmx.dll
 0002:000002e0       __imp_mxSetDimensions_700  00000001800072e0     libmx:libmx.dll
 0002:000002e8       __imp_mxCreateCharArray_700 00000001800072e8     libmx:libmx.dll
 0002:000002f0       __imp_mxCreateDoubleScalar 00000001800072f0     libmx:libmx.dll
 0002:000002f8       \177libmx_NULL_THUNK_DATA  00000001800072f8     libmx:libmx.dll
 0002:00000300       __xc_a                     0000000180007300     MSVCRT:cinitexe.obj
 0002:00000308       __xc_z                     0000000180007308     MSVCRT:cinitexe.obj
 0002:00000310       __xi_a                     0000000180007310     MSVCRT:cinitexe.obj
 0002:00000320       __xi_z                     0000000180007320     MSVCRT:cinitexe.obj
 0002:00000330       ??_C@_0FL@NGFJKPOE@C?3?1Program?5Files?1MATLAB?1R2013a?1t@ 0000000180007330     myMetropolisHasting_data.obj
 0002:00000390       ??_C@_0BC@ECOPBIHP@eml_refblas_xdotx?$AA@ 0000000180007390     myMetropolisHasting_data.obj
 0002:000003b0       ??_C@_0FK@PGKFPIB@C?3?1Program?5Files?1MATLAB?1R2013a?1t@ 00000001800073b0     myMetropolisHasting_data.obj
 0002:00000410       ??_C@_0BB@DFOOKCH@eml_refblas_xdot?$AA@ 0000000180007410     myMetropolisHasting_data.obj
 0002:00000430       ??_C@_0FI@FPFHMDJA@C?3?1Program?5Files?1MATLAB?1R2013a?1t@ 0000000180007430     myMetropolisHasting_data.obj
 0002:00000488       ??_C@_0O@IPJJFIMO@eml_blas_xdot?$AA@ 0000000180007488     myMetropolisHasting_data.obj
 0002:000004a0       ??_C@_0FL@EMBNMEEB@C?3?1Program?5Files?1MATLAB?1R2013a?1t@ 00000001800074a0     myMetropolisHasting_data.obj
 0002:00000500       ??_C@_0BC@EOLAPMCA@eml_refblas_xgemm?$AA@ 0000000180007500     myMetropolisHasting_data.obj
 0002:00000520       ??_C@_0FJ@CGPNNJCP@C?3?1Program?5Files?1MATLAB?1R2013a?1t@ 0000000180007520     myMetropolisHasting_data.obj
 0002:00000580       ??_C@_0P@JHOKGBEO@eml_blas_xgemm?$AA@ 0000000180007580     myMetropolisHasting_data.obj
 0002:00000590       ??_C@_0EC@EBDGIFGN@C?3?1Program?5Files?1MATLAB?1R2013a?1t@ 0000000180007590     myMetropolisHasting_data.obj
 0002:000005d4       ??_C@_03MGHMBJCF@log?$AA@  00000001800075d4     myMetropolisHasting_data.obj
 0002:000005d8       ??_C@_01HJOKEEBB@U?$AA@    00000001800075d8     myMetropolisHasting.obj
 0002:000005dc       ??_C@_04NDFKPBNI@smpl?$AA@ 00000001800075dc     myMetropolisHasting.obj
 0002:000005e8       ??_C@_0DM@OKIPKFDM@C?3?1doiUsers?1Max?1GGBS?5for?5DETC201@ 00000001800075e8     myMetropolisHasting.obj
 0002:00000628       ??_C@_07MPOEANNK@proprnd?$AA@ 0000000180007628     myMetropolisHasting.obj
 0002:00000630       ??_C@_0EG@EDOPEAGL@C?3?1Program?5Files?1MATLAB?1R2013a?1t@ 0000000180007630     myMetropolisHasting.obj
 0002:00000678       ??_C@_09JANBMANM@eml_error?$AA@ 0000000180007678     myMetropolisHasting.obj
 0002:00000690       ??_C@_0EF@KFHEEBKO@C?3?1Program?5Files?1MATLAB?1R2013a?1t@ 0000000180007690     myMetropolisHasting.obj
 0002:000006d8       ??_C@_04HKINGDKC@rand?$AA@ 00000001800076d8     myMetropolisHasting.obj
 0002:000006e0       ??_C@_0EI@HCCJHNJJ@C?3?1doiUsers?1Max?1GGBS?5for?5DETC201@ 00000001800076e0     myMetropolisHasting.obj
 0002:00000728       ??_C@_0BE@FIPNFKFO@myMetropolisHasting?$AA@ 0000000180007728     myMetropolisHasting.obj
 0002:00000740       ??_C@_06BNJCAIGJ@double?$AA@ 0000000180007740     myMetropolisHasting.obj
 0002:00000748       ??_C@_0BP@KBACPONM@Coder?3toolbox?3ElFunDomainError?$AA@ 0000000180007748     myMetropolisHasting.obj
 0002:00000768       __real@3fb999999999999a    0000000180007768     myMetropolisHasting.obj
 0002:00000770       __real@3fe0000000000000    0000000180007770     myMetropolisHasting.obj
 0002:00000778       __real@3ff0000000000000    0000000180007778     myMetropolisHasting.obj
 0002:00000780       ??_C@_0EK@NKMFJIOP@C?3?1Program?5Files?1MATLAB?1R2013a?1t@ 0000000180007780     logpdf.obj
 0002:000007d0       ??_C@_08IABMPNNG@eml_xdot?$AA@ 00000001800077d0     logpdf.obj
 0002:000007e0       ??_C@_0EL@IOOMJEKB@C?3?1Program?5Files?1MATLAB?1R2013a?1t@ 00000001800077e0     logpdf.obj
 0002:00000830       ??_C@_09DNHIOGKP@eml_xdotu?$AA@ 0000000180007830     logpdf.obj
 0002:00000840       ??_C@_0EE@KOCPFPBO@C?3?1Program?5Files?1MATLAB?1R2013a?1t@ 0000000180007840     logpdf.obj
 0002:00000884       ??_C@_03CFFIJAMA@sum?$AA@  0000000180007884     logpdf.obj
 0002:00000890       ??_C@_0FF@DAGEDBLB@C?3?1Program?5Files?1MATLAB?1R2013a?1t@ 0000000180007890     logpdf.obj
 0002:000008e8       ??_C@_0L@KANJHDCJ@eml_c_cast?$AA@ 00000001800078e8     logpdf.obj
 0002:00000900       ??_C@_0FL@PMFAFPFJ@C?3?1Program?5Files?1MATLAB?1R2013a?1t@ 0000000180007900     logpdf.obj
 0002:00000960       ??_C@_0BP@OEONONCM@eml_int_forloop_overflow_check?$AA@ 0000000180007960     logpdf.obj
 0002:00000980       ??_C@_0EL@OGMCCHNJ@C?3?1Program?5Files?1MATLAB?1R2013a?1t@ 0000000180007980     logpdf.obj
 0002:000009d0       ??_C@_09IEIJHMLN@eml_xgemm?$AA@ 00000001800079d0     logpdf.obj
 0002:000009e0       ??_C@_0ED@LOIBGMKG@C?3?1Program?5Files?1MATLAB?1R2013a?1t@ 00000001800079e0     logpdf.obj
 0002:00000a24       ??_C@_06PCBFLGP@mtimes?$AA@ 0000000180007a24     logpdf.obj
 0002:00000a30       ??_C@_0DL@HLAJJNIE@C?3?1doiUsers?1Max?1GGBS?5for?5DETC201@ 0000000180007a30     logpdf.obj
 0002:00000a6c       ??_C@_06OLHDBPID@logpdf?$AA@ 0000000180007a6c     logpdf.obj
 0002:00000b88       ??_C@_07ONPBMBOP@message?$AA@ 0000000180007b88     logpdf.obj
 0002:00000b90       ??_C@_05KKCIMGE@error?$AA@ 0000000180007b90     logpdf.obj
 0002:00000ba0       __mask@@NegDouble@         0000000180007ba0     logpdf.obj
 0002:00000bb0       ??_C@_00CNPNBAHC@?$AA@     0000000180007bb0     myMetropolisHasting_api.obj
 0002:00000bb8       ??_C@_0BI@FHEMOFAD@myMetropolisHasting_api?$AA@ 0000000180007bb8     myMetropolisHasting_api.obj
 0002:00000be0       ??_C@_0DI@JIPJFLJ@?$FLILXE?$FN$matlabroot$?1toolbox?1eml?1l@ 0000000180007be0     myMetropolisHasting_api.obj
 0002:00000c18       ??_C@_03KLIPLJLL@min?$AA@  0000000180007c18     myMetropolisHasting_api.obj
 0002:00000c20       ??_C@_0FH@FFMAOMLE@?$FLILXE?$FN$matlabroot$?1toolbox?1eml?1l@ 0000000180007c20     myMetropolisHasting_api.obj
 0002:00000c80       ??_C@_0EP@JENFPCEE@?$FLILXE?$FN$matlabroot$?1toolbox?1eml?1l@ 0000000180007c80     myMetropolisHasting_api.obj
 0002:00000cd0       ??_C@_0EO@DBKPJDKI@?$FLILXE?$FN$matlabroot$?1toolbox?1eml?1l@ 0000000180007cd0     myMetropolisHasting_api.obj
 0002:00000d20       ??_C@_0EM@DFJIHNLP@?$FLILXE?$FN$matlabroot$?1toolbox?1eml?1l@ 0000000180007d20     myMetropolisHasting_api.obj
 0002:00000d70       ??_C@_0DO@EGNHMIMO@?$FLILXE?$FN$matlabroot$?1toolbox?1eml?1l@ 0000000180007d70     myMetropolisHasting_api.obj
 0002:00000db0       ??_C@_0DP@MCBJJGKP@?$FLILXE?$FN$matlabroot$?1toolbox?1eml?1l@ 0000000180007db0     myMetropolisHasting_api.obj
 0002:00000df0       ??_C@_0EL@PHDBKCJB@?$FLILXE?$FN$matlabroot$?1toolbox?1eml?1l@ 0000000180007df0     myMetropolisHasting_api.obj
 0002:00000e40       ??_C@_0BL@CDOFOJKC@eml_const_nonsingleton_dim?$AA@ 0000000180007e40     myMetropolisHasting_api.obj
 0002:00000e60       ??_C@_0EB@NCIHPOOF@?$FLILXE?$FN$matlabroot$?1toolbox?1eml?1l@ 0000000180007e60     myMetropolisHasting_api.obj
 0002:00000ea8       ??_C@_0BB@PACNMNAE@eml_isequal_core?$AA@ 0000000180007ea8     myMetropolisHasting_api.obj
 0002:00000ec0       ??_C@_0DK@ENDCOJGF@?$FLILXE?$FN$matlabroot$?1toolbox?1eml?1l@ 0000000180007ec0     myMetropolisHasting_api.obj
 0002:00000f00       ??_C@_07MIMONDDE@isequal?$AA@ 0000000180007f00     myMetropolisHasting_api.obj
 0002:00000f08       ??_C@_0DI@IHPGCDDP@?$FLILXE?$FN$matlabroot$?1toolbox?1eml?1l@ 0000000180007f08     myMetropolisHasting_api.obj
 0002:00000f40       ??_C@_0EB@DPAHPPMO@?$FLILXE?$FN$matlabroot$?1toolbox?1eml?1l@ 0000000180007f40     myMetropolisHasting_api.obj
 0002:00000f88       ??_C@_0P@IBBFABOG@eml_scalar_exp?$AA@ 0000000180007f88     myMetropolisHasting_api.obj
 0002:00000f98       ??_C@_0DG@MMIOIJBB@?$FLILXE?$FN$matlabroot$?1toolbox?1eml?1l@ 0000000180007f98     myMetropolisHasting_api.obj
 0002:00000fd0       ??_C@_03KHJOGHMM@exp?$AA@  0000000180007fd0     myMetropolisHasting_api.obj
 0002:00000fd8       ??_C@_0DJ@LELBHOFI@?$FLILXE?$FN$matlabroot$?1toolbox?1eml?1l@ 0000000180007fd8     myMetropolisHasting_api.obj
 0002:00001014       ??_C@_06DHCFJIMK@intmin?$AA@ 0000000180008014     myMetropolisHasting_api.obj
 0002:00001020       ??_C@_0DJ@PBLDDNNK@?$FLILXE?$FN$matlabroot$?1toolbox?1eml?1l@ 0000000180008020     myMetropolisHasting_api.obj
 0002:0000105c       ??_C@_06CFKOHMKF@intmax?$AA@ 000000018000805c     myMetropolisHasting_api.obj
 0002:00001070       ??_C@_0EP@LONMACPJ@?$FLILXE?$FN$matlabroot$?1toolbox?1eml?1l@ 0000000180008070     myMetropolisHasting_api.obj
 0002:000010c0       ??_C@_0HF@KHPAKDPE@?$FLILXE?$FN$matlabroot$?1toolbox?1eml?1l@ 00000001800080c0     myMetropolisHasting_api.obj
 0002:00001138       ??_C@_0DP@KEPDCHIB@?$FLILXE?$FN$matlabroot$?1toolbox?1eml?1l@ 0000000180008138     myMetropolisHasting_api.obj
 0002:00001178       ??_C@_0BI@MOBBIOAA@coder?4internal?4indexInt?$AA@ 0000000180008178     myMetropolisHasting_api.obj
 0002:00001190       ??_C@_0BA@DCOEOBGC@eml_index_times?$AA@ 0000000180008190     myMetropolisHasting_api.obj
 0002:000011a0       ??_C@_0EA@FCCELNDI@?$FLILXE?$FN$matlabroot$?1toolbox?1eml?1l@ 00000001800081a0     myMetropolisHasting_api.obj
 0002:000011e0       ??_C@_0EA@NHKEHCBE@?$FLILXE?$FN$matlabroot$?1toolbox?1eml?1l@ 00000001800081e0     myMetropolisHasting_api.obj
 0002:00001220       ??_C@_0BA@BIKOLOKP@eml_index_minus?$AA@ 0000000180008220     myMetropolisHasting_api.obj
 0002:00001230       ??_C@_0P@DJHCLAEH@eml_index_plus?$AA@ 0000000180008230     myMetropolisHasting_api.obj
 0002:00001240       ??_C@_0EF@OACOOKJN@?$FLILXE?$FN$matlabroot$?1toolbox?1eml?1l@ 0000000180008240     myMetropolisHasting_api.obj
 0002:00001288       ??_C@_0BA@OPOLJENJ@eml_blas_inline?$AA@ 0000000180008288     myMetropolisHasting_api.obj
 0002:000012a0       ??_C@_0EN@INEGCLMI@?$FLILXE?$FN$matlabroot$?1toolbox?1eml?1l@ 00000001800082a0     myMetropolisHasting_api.obj
 0002:000012f0       ??_C@_0DP@KKDHCFNH@?$FLILXE?$FN$matlabroot$?1toolbox?1eml?1l@ 00000001800082f0     myMetropolisHasting_api.obj
 0002:00001330       ??_C@_0EP@OJBJJOB@?$FLILXE?$FN$matlabroot$?1toolbox?1eml?1l@ 0000000180008330     myMetropolisHasting_api.obj
 0002:00001380       ??_C@_0DO@FIFFNPJ@?$FLILXE?$FN$matlabroot$?1toolbox?1eml?1l@ 0000000180008380     myMetropolisHasting_api.obj
 0002:000013c0       ??_C@_0BA@LGKKDMEL@eml_index_class?$AA@ 00000001800083c0     myMetropolisHasting_api.obj
 0002:000013d0       ??_C@_0O@DGEIFEHG@eml_scalar_eg?$AA@ 00000001800083d0     myMetropolisHasting_api.obj
 0002:000013e0       ??_C@_0DP@KPDMFIBP@?$FLE?$FNC?3?1doiUsers?1Max?1GGBS?5for?5DETC@ 00000001800083e0     myMetropolisHasting_api.obj
 0002:00001420       ??_C@_0EA@GLIAMHNI@?$FLILXE?$FN$matlabroot$?1toolbox?1eml?1l@ 0000000180008420     myMetropolisHasting_api.obj
 0002:00001460       ??_C@_0DI@GANAMGFL@?$FLILXE?$FN$matlabroot$?1toolbox?1eml?1l@ 0000000180008460     myMetropolisHasting_api.obj
 0002:00001498       ??_C@_07KHOFHKNM@eml_div?$AA@ 0000000180008498     myMetropolisHasting_api.obj
 0002:000014a0       ??_C@_0EH@ELBOGDPJ@?$FLILXE?$FN$matlabroot$?1toolbox?1eml?1l@ 00000001800084a0     myMetropolisHasting_api.obj
 0002:000014e8       ??_C@_0DO@BHKIMLKJ@?$FLE?$FNC?3?1doiUsers?1Max?1GGBS?5for?5DETC@ 00000001800084e8     myMetropolisHasting_api.obj
 0002:00001528       ??_C@_0BH@LFDIDDBI@eml_scalexp_compatible?$AA@ 0000000180008528     myMetropolisHasting_api.obj
 0002:00001540       ??_C@_07EDECNBOH@rdivide?$AA@ 0000000180008540     myMetropolisHasting_api.obj
 0002:00001548       ??_C@_0DJ@LGGCAFOA@?$FLILXE?$FN$matlabroot$?1toolbox?1eml?1l@ 0000000180008548     myMetropolisHasting_api.obj
 0002:00001588       ??_C@_0DI@ECPGNJBG@?$FLILXE?$FN$matlabroot$?1toolbox?1eml?1l@ 0000000180008588     myMetropolisHasting_api.obj
 0002:000015c0       ??_C@_08GNEFHMND@mrdivide?$AA@ 00000001800085c0     myMetropolisHasting_api.obj
 0002:000015d0       ??_C@_0DH@LODENFNP@?$FLILXE?$FN$matlabroot$?1toolbox?1eml?1l@ 00000001800085d0     myMetropolisHasting_api.obj
 0002:00001610       ??_C@_0EA@BFEKENJA@?$FLILXE?$FN$matlabroot$?1toolbox?1eml?1l@ 0000000180008610     myMetropolisHasting_api.obj
 0002:00001650       ??_C@_0BA@PBHEJPIB@eml_float_model?$AA@ 0000000180008650     myMetropolisHasting_api.obj
 0002:00001660       ??_C@_0M@GIFFNMF@eml_realmax?$AA@ 0000000180008660     myMetropolisHasting_api.obj
 0002:00001670       ??_C@_0DK@PPBLBLEL@?$FLILXE?$FN$matlabroot$?1toolbox?1eml?1l@ 0000000180008670     myMetropolisHasting_api.obj
 0002:000016b0       ??_C@_07FFPDOOLN@realmax?$AA@ 00000001800086b0     myMetropolisHasting_api.obj
 0002:000016b8       ??_C@_0DM@MEJDDAEB@?$FLILXE?$FN$matlabroot$?1toolbox?1eml?1l@ 00000001800086b8     myMetropolisHasting_api.obj
 0002:000016f8       ??_C@_0P@OAPHHPAP@eml_scalar_log?$AA@ 00000001800086f8     myMetropolisHasting_api.obj
 0002:00001708       ??_C@_0DK@JGMDEBEG@?$FLILXE?$FN$matlabroot$?1toolbox?1eml?1l@ 0000000180008708     myMetropolisHasting_api.obj
 0002:00001748       ??_C@_0DJ@OJDEIIIM@?$FLILXE?$FN$matlabroot$?1toolbox?1eml?1l@ 0000000180008748     myMetropolisHasting_api.obj
 0002:00001790       ??_C@_0EL@KOBFCIII@?$FLE?$FNC?3?1doiUsers?1Max?1GGBS?5for?5DETC@ 0000000180008790     myMetropolisHasting_api.obj
 0002:000017e0       ??_C@_0EK@BEKHKNCH@?$FLILXE?$FN$matlabroot$?1toolbox?1eml?1l@ 00000001800087e0     myMetropolisHasting_api.obj
 0002:00001830       ??_C@_0EB@HAGIKLC@?$FLILXE?$FN$matlabroot$?1toolbox?1eml?1l@ 0000000180008830     myMetropolisHasting_api.obj
 0002:00001874       ??_C@_04ENMBGAPA@char?$AA@ 0000000180008874     myMetropolisHasting_api.obj
 0002:00001880       ??_C@_0BG@MHDGIFCA@eml_is_rand_extrinsic?$AA@ 0000000180008880     myMetropolisHasting_api.obj
 0002:00001898       ??_C@_0DG@PEIPPMGN@?$FLILXE?$FN$matlabroot$?1toolbox?1eml?1l@ 0000000180008898     myMetropolisHasting_api.obj
 0002:000018d0       ??_C@_0M@FMAJFPGC@mFileTimeHi?$AA@ 00000001800088d0     myMetropolisHasting_api.obj
 0002:000018e0       ??_C@_0M@NFKFADI@mFileTimeLo?$AA@ 00000001800088e0     myMetropolisHasting_api.obj
 0002:000018f0       ??_C@_0L@HMDKMKNA@fileTimeHi?$AA@ 00000001800088f0     myMetropolisHasting_api.obj
 0002:00001900       ??_C@_0L@CNGJMFIK@fileTimeLo?$AA@ 0000000180008900     myMetropolisHasting_api.obj
 0002:00001910       ??_C@_08CGJBBLIA@resolved?$AA@ 0000000180008910     myMetropolisHasting_api.obj
 0002:00001920       ??_C@_0N@IGLAPNJK@dominantType?$AA@ 0000000180008920     myMetropolisHasting_api.obj
 0002:00001930       ??_C@_04MEMAJGDJ@name?$AA@ 0000000180008930     myMetropolisHasting_api.obj
 0002:00001938       ??_C@_07JKKCBBMM@context?$AA@ 0000000180008938     myMetropolisHasting_api.obj
 0002:00001940       ??_C@_0FH@BDMJPNAA@?$FLILXE?$FN$matlabroot$?1toolbox?1eml?1l@ 0000000180008940     myMetropolisHasting_api.obj
 0002:000019a0       ??_C@_0EC@EDKCHFKG@?$FLILXE?$FN$matlabroot$?1toolbox?1eml?1l@ 00000001800089a0     myMetropolisHasting_api.obj
 0002:000019f0       ??_C@_0FA@HLMNPFDP@?$FLILXE?$FN$matlabroot$?1toolbox?1eml?1l@ 00000001800089f0     myMetropolisHasting_api.obj
 0002:00001a40       ??_C@_0BC@JEELAMCJ@eml_scalexp_alloc?$AA@ 0000000180008a40     myMetropolisHasting_api.obj
 0002:00001a58       ??_C@_0DP@JHLGJKEB@?$FLILXE?$FN$matlabroot$?1toolbox?1eml?1l@ 0000000180008a58     myMetropolisHasting_api.obj
 0002:00001a98       ??_C@_0P@PAOJKEOI@eml_min_or_max?$AA@ 0000000180008a98     myMetropolisHasting_api.obj
 0002:00001aa8       ??_C@_01GFHCPBMG@C?$AA@    0000000180008aa8     myMetropolisHasting_api.obj
 0002:00001aac       ??_C@_01FHEEJDEE@A?$AA@    0000000180008aac     myMetropolisHasting_api.obj
 0002:00001ab0       ??_C@_06MBMGGECG@burnin?$AA@ 0000000180008ab0     myMetropolisHasting_api.obj
 0002:00001ab8       ??_C@_08PEAPPHEL@nsamples?$AA@ 0000000180008ab8     myMetropolisHasting_api.obj
 0002:00001ac4       ??_C@_05FAGFPHJG@start?$AA@ 0000000180008ac4     myMetropolisHasting_api.obj
 0002:00001ad0       ??_C@_0CF@OIONOIOI@EMLRT?3runTime?3TooManyOutputArgum@ 0000000180008ad0     myMetropolisHasting_mex.obj
 0002:00001af8       ??_C@_0CC@IMHDKEMC@EMLRT?3runTime?3WrongNumberOfInput@ 0000000180008af8     myMetropolisHasting_mex.obj
 0002:00001b20       ??_C@_0BD@BMDBANMC@8?41?40?4604?5?$CIR2013a?$CJ?$AA@ 0000000180008b20     myMetropolisHasting_mex.obj
 0002:00001b38       __real@4000000000000000    0000000180008b38     myMetropolisHasting_mex.obj
 0002:00001b40       __real@4014000000000000    0000000180008b40     myMetropolisHasting_mex.obj
 0002:00001b48       ??_C@_0P@FDPDNMBC@ConstantInputs?$AA@ 0000000180008b48     myMetropolisHasting_mex.obj
 0002:00001b58       ??_C@_0BA@HBLCOFA@NumberOfOutputs?$AA@ 0000000180008b58     myMetropolisHasting_mex.obj
 0002:00001b68       ??_C@_0P@DJPKAEOC@NumberOfInputs?$AA@ 0000000180008b68     myMetropolisHasting_mex.obj
 0002:00001b78       ??_C@_04FABLJDN@Name?$AA@  0000000180008b78     myMetropolisHasting_mex.obj
 0002:00001b80       ??_C@_0M@HOOGCLMJ@EntryPoints?$AA@ 0000000180008b80     myMetropolisHasting_mex.obj
 0002:00001b90       ??_C@_0BC@PFKIGKIM@ResolvedFunctions?$AA@ 0000000180008b90     myMetropolisHasting_mex.obj
 0002:00001ba8       ??_C@_07NGFJPNPN@Version?$AA@ 0000000180008ba8     myMetropolisHasting_mex.obj
 0002:00001bb0       _pDefaultRawDllMain        0000000180008bb0     MSVCRT:crtdll.obj
 0002:00001bb0       _pRawDllMain               0000000180008bb0     MSVCRT:crtdll.obj
 0002:00001bc8       __rtc_iaa                  0000000180008bc8     MSVCRT:_initsect_.obj
 0002:00001bd0       __rtc_izz                  0000000180008bd0     MSVCRT:_initsect_.obj
 0002:00001bd8       __rtc_taa                  0000000180008bd8     MSVCRT:_initsect_.obj
 0002:00001be0       __rtc_tzz                  0000000180008be0     MSVCRT:_initsect_.obj
 0002:00001ec8       __IMPORT_DESCRIPTOR_libmx  0000000180008ec8     libmx:libmx.dll
 0002:00001edc       __IMPORT_DESCRIPTOR_libmex 0000000180008edc     libmex:libmex.dll
 0002:00001ef0       __IMPORT_DESCRIPTOR_libemlrt 0000000180008ef0     libemlrt:libemlrt.dll
 0002:00001f04       __IMPORT_DESCRIPTOR_libmwblas 0000000180008f04     libmwblas:libmwblas.dll
 0002:00001f18       __IMPORT_DESCRIPTOR_libmwmathutil 0000000180008f18     libmwmathutil:libmwmathutil.dll
 0002:00001f2c       __IMPORT_DESCRIPTOR_MSVCR100 0000000180008f2c     MSVCRT:MSVCR100.dll
 0002:00001f40       __IMPORT_DESCRIPTOR_KERNEL32 0000000180008f40     kernel32:KERNEL32.dll
 0002:00001f54       __NULL_IMPORT_DESCRIPTOR   0000000180008f54     libmx:libmx.dll
 0003:00000000       e_emlrtRSI                 000000018000a000     myMetropolisHasting_data.obj
 0003:00000018       n_emlrtRSI                 000000018000a018     myMetropolisHasting_data.obj
 0003:00000030       p_emlrtRSI                 000000018000a030     myMetropolisHasting_data.obj
 0003:00000048       q_emlrtRSI                 000000018000a048     myMetropolisHasting_data.obj
 0003:00000060       r_emlrtRSI                 000000018000a060     myMetropolisHasting_data.obj
 0003:00000078       ob_emlrtRSI                000000018000a078     myMetropolisHasting_data.obj
 0003:00000090       qb_emlrtRSI                000000018000a090     myMetropolisHasting_data.obj
 0003:000000a8       rb_emlrtRSI                000000018000a0a8     myMetropolisHasting_data.obj
 0003:00000790       emlrtContextGlobal         000000018000a790     myMetropolisHasting_mex.obj
 0003:000007d0       _fltused                   000000018000a7d0     MSVCRT:dllsupp.obj
 0003:000007d8       __security_cookie          000000018000a7d8     MSVCRT:gs_cookie.obj
 0003:000007e0       __security_cookie_complement 000000018000a7e0     MSVCRT:gs_cookie.obj
 0003:000007f0       __native_dllmain_reason    000000018000a7f0     MSVCRT:natstart.obj
 0003:000007f4       __native_vcclrit_reason    000000018000a7f4     MSVCRT:natstart.obj
 0003:00000800       emlrtRootTLSGlobal         000000018000a800     myMetropolisHasting_mex.obj
 0003:00000d80       ?__type_info_root_node@@3U__type_info_node@@A 000000018000ad80     MSVCRT:tncleanup.obj
 0003:00000d90       emlrtBreakCheckR2012bFlagVar 000000018000ad90     <common>
 0003:00000d98       __native_startup_state     000000018000ad98     <common>
 0003:00000da0       __native_startup_lock      000000018000ada0     <common>
 0003:00000da8       __onexitend                000000018000ada8     <common>
 0003:00000db0       __onexitbegin              000000018000adb0     <common>
 0003:00000db8       __dyn_tls_init_callback    000000018000adb8     <common>

 entry point at        0001:0000566c

 Static symbols

 0001:00001850       check_forloop_overflow_error 0000000180002850 f   logpdf.obj
 0001:00003200       info_helper                0000000180004200 f   myMetropolisHasting_api.obj
 0001:000040e0       j_emlrt_marshallIn         00000001800050e0 f   myMetropolisHasting_api.obj
 0001:00004700       e_emlrt_marshallIn         0000000180005700 f   myMetropolisHasting_api.obj
 0001:000047b0       g_emlrt_marshallIn         00000001800057b0 f   myMetropolisHasting_api.obj
 0001:00004d10       myMetropolisHasting_mexFunction 0000000180005d10 f   myMetropolisHasting_mex.obj
 0001:00005274       pre_c_init                 0000000180006274 f   MSVCRT:crtdll.obj
 0001:00005530       __DllMainCRTStartup        0000000180006530 f   MSVCRT:crtdll.obj
 0001:00005b30       __DllMainCRTStartup$filt$0 0000000180006b30 f   MSVCRT:crtdll.obj
 0001:00005b60       __DllMainCRTStartup$fin$1  0000000180006b60 f   MSVCRT:crtdll.obj
 0001:00005b7a       _onexit$fin$0              0000000180006b7a f   MSVCRT:atonexit.obj
 0001:00005ba0       _IsNonwritableInCurrentImage$filt$0 0000000180006ba0 f   MSVCRT:pesect.obj
